[0.011s] Invoking command in '/home/dheeraj/ros2_ws/src/my_beginner_tutorials/build/my_beginner_tutorials': /usr/bin/cmake /home/dheeraj/ros2_ws/src/my_beginner_tutorials -DCMAKE_VERBOSE_MAKEFILE=ON -DCMAKE_INSTALL_PREFIX=/home/dheeraj/ros2_ws/src/my_beginner_tutorials/install/my_beginner_tutorials
[0.024s] -- Found ament_cmake: 1.3.11 (/opt/ros/humble/share/ament_cmake/cmake)
[0.137s] -- Found rosidl_default_generators: 1.2.0 (/opt/ros/humble/share/rosidl_default_generators/cmake)
[0.138s] -- Using all available rosidl_typesupport_c: rosidl_typesupport_fastrtps_c;rosidl_typesupport_introspection_c
[0.141s] -- Found rosidl_adapter: 3.1.6 (/opt/ros/humble/share/rosidl_adapter/cmake)
[0.170s] -- Using all available rosidl_typesupport_cpp: rosidl_typesupport_fastrtps_cpp;rosidl_typesupport_introspection_cpp
[0.193s] -- Found rclcpp: 16.0.11 (/opt/ros/humble/share/rclcpp/cmake)
[0.230s] -- Found rmw_implementation_cmake: 6.1.2 (/opt/ros/humble/share/rmw_implementation_cmake/cmake)
[0.231s] -- Found rmw_fastrtps_cpp: 6.2.7 (/opt/ros/humble/share/rmw_fastrtps_cpp/cmake)
[0.328s] -- Using RMW implementation 'rmw_fastrtps_cpp' as default
[0.375s] -- Found tf2: 0.25.9 (/opt/ros/humble/share/tf2/cmake)
[0.389s] -- Found tf2_ros: 0.25.9 (/opt/ros/humble/share/tf2_ros/cmake)
[0.637s] Error parsing '/home/dheeraj/ros2_ws/src/my_beginner_tutorials/package.xml':
[0.677s] Traceback (most recent call last):
[0.677s]   File "/usr/lib/python3/dist-packages/catkin_pkg/package.py", line 610, in parse_package_string
[0.677s]     root = dom.parseString(data)
[0.677s]   File "/usr/lib/python3.10/xml/dom/minidom.py", line 2000, in parseString
[0.677s]     return expatbuilder.parseString(string)
[0.677s]   File "/usr/lib/python3.10/xml/dom/expatbuilder.py", line 925, in parseString
[0.678s]     return builder.parseString(string)
[0.678s]   File "/usr/lib/python3.10/xml/dom/expatbuilder.py", line 223, in parseString
[0.678s]     parser.Parse(string, True)
[0.678s] xml.parsers.expat.ExpatError: no element found: line 24, column 0
[0.678s] 
[0.678s] During handling of the above exception, another exception occurred:
[0.678s] 
[0.678s] Traceback (most recent call last):
[0.678s]   File "/opt/ros/humble/share/ament_cmake_core/cmake/core/package_xml_2_cmake.py", line 150, in <module>
[0.678s]     main()
[0.679s]   File "/opt/ros/humble/share/ament_cmake_core/cmake/core/package_xml_2_cmake.py", line 53, in main
[0.679s]     raise e
[0.679s]   File "/opt/ros/humble/share/ament_cmake_core/cmake/core/package_xml_2_cmake.py", line 49, in main
[0.679s]     package = parse_package_string(
[0.679s]   File "/usr/lib/python3/dist-packages/catkin_pkg/package.py", line 612, in parse_package_string
[0.679s]     raise InvalidPackage('The manifest contains invalid XML:\n%s' % ex, filename)
[0.679s] catkin_pkg.package.InvalidPackage: Error(s) in package '/home/dheeraj/ros2_ws/src/my_beginner_tutorials/package.xml':
[0.679s] The manifest contains invalid XML:
[0.679s] no element found: line 24, column 0
[0.691s] [31mCMake Error at /opt/ros/humble/share/ament_cmake_core/cmake/core/ament_package_xml.cmake:95 (message):
[0.691s]   execute_process(/usr/bin/python3
[0.691s]   /opt/ros/humble/share/ament_cmake_core/cmake/core/package_xml_2_cmake.py
[0.691s]   /home/dheeraj/ros2_ws/src/my_beginner_tutorials/package.xml
[0.692s]   /home/dheeraj/ros2_ws/src/my_beginner_tutorials/build/my_beginner_tutorials/ament_cmake_core/package.cmake)
[0.692s]   returned error code 1
[0.692s] Call Stack (most recent call first):
[0.692s]   /opt/ros/humble/share/ament_cmake_core/cmake/core/ament_package_xml.cmake:49 (_ament_package_xml)
[0.692s]   /opt/ros/humble/share/rosidl_cmake/cmake/rosidl_generate_interfaces.cmake:226 (ament_package_xml)
[0.692s]   CMakeLists.txt:21 (rosidl_generate_interfaces)
[0.692s] 
[0.692s] [0m
[0.692s] -- Configuring incomplete, errors occurred!
[0.692s] See also "/home/dheeraj/ros2_ws/src/my_beginner_tutorials/build/my_beginner_tutorials/CMakeFiles/CMakeOutput.log".
[0.700s] Invoked command in '/home/dheeraj/ros2_ws/src/my_beginner_tutorials/build/my_beginner_tutorials' returned '1': /usr/bin/cmake /home/dheeraj/ros2_ws/src/my_beginner_tutorials -DCMAKE_VERBOSE_MAKEFILE=ON -DCMAKE_INSTALL_PREFIX=/home/dheeraj/ros2_ws/src/my_beginner_tutorials/install/my_beginner_tutorials
